#
# There is insufficient memory for the Java Runtime Environment to continue.
# Native memory allocation (mmap) failed to map 134217728 bytes for G1 virtual space
# Possible reasons:
#   The system is out of physical RAM or swap space
#   The process is running with CompressedOops enabled, and the Java Heap may be blocking the growth of the native heap
# Possible solutions:
#   Reduce memory load on the system
#   Increase physical memory or swap space
#   Check if swap backing store is full
#   Decrease Java heap size (-Xmx/-Xms)
#   Decrease number of Java threads
#   Decrease Java thread stack sizes (-Xss)
#   Set larger code cache with -XX:ReservedCodeCacheSize=
#   JVM is running with Unscaled Compressed Oops mode in which the Java heap is
#     placed in the first 4GB address space. The Java Heap base address is the
#     maximum limit for the native heap growth. Please use -XX:HeapBaseMinAddress
#     to set the Java Heap base and to place the Java Heap above 4GB virtual address.
# This output file may be truncated or incomplete.
#
#  Out of Memory Error (os_windows.cpp:3548), pid=30936, tid=34732
#
# JRE version:  (17.0.12+8) (build )
# Java VM: Java HotSpot(TM) 64-Bit Server VM (17.0.12+8-LTS-286, mixed mode, emulated-client, sharing, tiered, compressed oops, compressed class ptrs, g1 gc, windows-amd64)
# No core dump will be written. Minidumps are not enabled by default on client versions of Windows
#

---------------  S U M M A R Y ------------

Command Line: -XX:TieredStopAtLevel=1 -Dfile.encoding=windows-1252 -Duser.country=US -Duser.language=en -Duser.variant com.eScheduler.ESchedulerApplication

Host: Intel(R) Core(TM) i7-7500U CPU @ 2.70GHz, 4 cores, 7G,  Windows 10 , 64 bit Build 19041 (10.0.19041.5915)
Time: Mon Apr 13 15:02:18 2026 Central Europe Daylight Time elapsed time: 0.018434 seconds (0d 0h 0m 0s)

---------------  T H R E A D  ---------------

Current thread (0x00000228d90cf6c0):  JavaThread "Unknown thread" [_thread_in_vm, id=34732, stack(0x000000c05a700000,0x000000c05a800000)]

Stack: [0x000000c05a700000,0x000000c05a800000]
Native frames: (J=compiled Java code, j=interpreted, Vv=VM code, C=native code)
V  [jvm.dll+0x67a04a]
V  [jvm.dll+0x7da4ed]
V  [jvm.dll+0x7dbe33]
V  [jvm.dll+0x7dc4a3]
V  [jvm.dll+0x24508f]
V  [jvm.dll+0x677089]
V  [jvm.dll+0x66bd32]
V  [jvm.dll+0x301fa6]
V  [jvm.dll+0x309546]
V  [jvm.dll+0x359d2e]
V  [jvm.dll+0x359f5f]
V  [jvm.dll+0x2d9078]
V  [jvm.dll+0x2d9fe4]
V  [jvm.dll+0x7aca21]
V  [jvm.dll+0x367591]
V  [jvm.dll+0x78b999]
V  [jvm.dll+0x3ec83f]
V  [jvm.dll+0x3ee471]
C  [jli.dll+0x5297]
C  [ucrtbase.dll+0x21bb2]
C  [KERNEL32.DLL+0x17374]
C  [ntdll.dll+0x4cc91]


---------------  P R O C E S S  ---------------

Threads class SMR info:
_java_thread_list=0x00007ffcd8277a18, length=0, elements={
}

Java Threads: ( => current thread )

Other Threads:
  0x00000228d9128030 GCTaskThread "GC Thread#0" [stack: 0x000000c05a800000,0x000000c05a900000] [id=35396]
  0x00000228d9138c00 ConcurrentGCThread "G1 Main Marker" [stack: 0x000000c05a900000,0x000000c05aa00000] [id=25560]
  0x00000228d913cde0 ConcurrentGCThread "G1 Conc#0" [stack: 0x000000c05aa00000,0x000000c05ab00000] [id=25960]

[error occurred during error reporting (printing all threads), id 0xc0000005, EXCEPTION_ACCESS_VIOLATION (0xc0000005) at pc=0x00007ffcd7aa9b67]

VM state: not at safepoint (not fully initialized)

VM Mutex/Monitor currently owned by a thread:  ([mutex/lock_event])
[0x00000228d90cbc70] Heap_lock - owner thread: 0x00000228d90cf6c0

Heap address: 0x0000000081c00000, size: 2020 MB, Compressed Oops mode: 32-bit

CDS archive(s) mapped at: [0x0000000000000000-0x0000000000000000-0x0000000000000000), size 0, SharedBaseAddress: 0x0000000800000000, ArchiveRelocationMode: 1.
Narrow klass base: 0x0000000000000000, Narrow klass shift: 0, Narrow klass range: 0x0

GC Precious Log:
<Empty>

Heap:
 garbage-first heap   total 0K, used 0K [0x0000000081c00000, 0x0000000100000000)
  region size 1024K, 0 young (0K), 0 survivors (0K)

[error occurred during error reporting (printing heap information), id 0xc0000005, EXCEPTION_ACCESS_VIOLATION (0xc0000005) at pc=0x00007ffcd7e93859]

GC Heap History (0 events):
No events

Deoptimization events (0 events):
No events

Classes unloaded (0 events):
No events

Classes redefined (0 events):
No events

Internal exceptions (0 events):
No events

VM Operations (0 events):
No events

Events (1 events):
Event: 0.010 Loaded shared library C:\Program Files\Java\jdk-17\bin\java.dll


Dynamic libraries:
0x00007ff708880000 - 0x00007ff708890000 	C:\Program Files\Java\jdk-17\bin\java.exe
0x00007ffd814f0000 - 0x00007ffd816e8000 	C:\WINDOWS\SYSTEM32\ntdll.dll
0x00007ffd80db0000 - 0x00007ffd80e72000 	C:\WINDOWS\System32\KERNEL32.DLL
0x00007ffd7ee70000 - 0x00007ffd7f166000 	C:\WINDOWS\System32\KERNELBASE.dll
0x00007ffd7ed70000 - 0x00007ffd7ee70000 	C:\WINDOWS\System32\ucrtbase.dll
0x00007ffd69c30000 - 0x00007ffd69c49000 	C:\Program Files\Java\jdk-17\bin\jli.dll
0x00007ffd69c50000 - 0x00007ffd69c6b000 	C:\Program Files\Java\jdk-17\bin\VCRUNTIME140.dll
0x00007ffd803e0000 - 0x00007ffd80491000 	C:\WINDOWS\System32\ADVAPI32.dll
0x00007ffd7f8e0000 - 0x00007ffd7f97e000 	C:\WINDOWS\System32\msvcrt.dll
0x00007ffd80310000 - 0x00007ffd803af000 	C:\WINDOWS\System32\sechost.dll
0x00007ffd804a0000 - 0x00007ffd805c0000 	C:\WINDOWS\System32\RPCRT4.dll
0x00007ffd7f290000 - 0x00007ffd7f2b7000 	C:\WINDOWS\System32\bcrypt.dll
0x00007ffd7f980000 - 0x00007ffd7fb21000 	C:\WINDOWS\System32\USER32.dll
0x00007ffd7ecc0000 - 0x00007ffd7ece2000 	C:\WINDOWS\System32\win32u.dll
0x00007ffd69500000 - 0x00007ffd6979b000 	C:\WINDOWS\WinSxS\amd64_microsoft.windows.common-controls_6595b64144ccf1df_6.0.19041.6456_none_60b8a6cb71f64256\COMCTL32.dll
0x00007ffd7fe10000 - 0x00007ffd7fe3b000 	C:\WINDOWS\System32\GDI32.dll
0x00007ffd7f170000 - 0x00007ffd7f289000 	C:\WINDOWS\System32\gdi32full.dll
0x00007ffd7f310000 - 0x00007ffd7f3ad000 	C:\WINDOWS\System32\msvcp_win.dll
0x00007ffd70a10000 - 0x00007ffd70a1a000 	C:\WINDOWS\SYSTEM32\VERSION.dll
0x00007ffd803b0000 - 0x00007ffd803df000 	C:\WINDOWS\System32\IMM32.DLL
0x00007ffd69c20000 - 0x00007ffd69c2c000 	C:\Program Files\Java\jdk-17\bin\vcruntime140_1.dll
0x00007ffd48810000 - 0x00007ffd4889e000 	C:\Program Files\Java\jdk-17\bin\msvcp140.dll
0x00007ffcd77c0000 - 0x00007ffcd83a0000 	C:\Program Files\Java\jdk-17\bin\server\jvm.dll
0x00007ffd80da0000 - 0x00007ffd80da8000 	C:\WINDOWS\System32\PSAPI.DLL
0x00007ffd667a0000 - 0x00007ffd667a9000 	C:\WINDOWS\SYSTEM32\WSOCK32.dll
0x00007ffd805c0000 - 0x00007ffd8062b000 	C:\WINDOWS\System32\WS2_32.dll
0x00007ffd697c0000 - 0x00007ffd697e7000 	C:\WINDOWS\SYSTEM32\WINMM.dll
0x00007ffd7c9b0000 - 0x00007ffd7c9c2000 	C:\WINDOWS\SYSTEM32\kernel.appcore.dll
0x00007ffd69c10000 - 0x00007ffd69c1a000 	C:\Program Files\Java\jdk-17\bin\jimage.dll
0x00007ffd7c200000 - 0x00007ffd7c401000 	C:\WINDOWS\SYSTEM32\DBGHELP.DLL
0x00007ffd64e80000 - 0x00007ffd64eb4000 	C:\WINDOWS\SYSTEM32\dbgcore.DLL
0x00007ffd7eb80000 - 0x00007ffd7ec02000 	C:\WINDOWS\System32\bcryptPrimitives.dll
0x00007ffd69be0000 - 0x00007ffd69c05000 	C:\Program Files\Java\jdk-17\bin\java.dll

dbghelp: loaded successfully - version: 4.0.5 - missing functions: none
symbol engine: initialized successfully - sym options: 0x614 - pdb path: .;C:\Program Files\Java\jdk-17\bin;C:\WINDOWS\SYSTEM32;C:\WINDOWS\WinSxS\amd64_microsoft.windows.common-controls_6595b64144ccf1df_6.0.19041.6456_none_60b8a6cb71f64256;C:\Program Files\Java\jdk-17\bin\server

VM Arguments:
jvm_args: -XX:TieredStopAtLevel=1 -Dfile.encoding=windows-1252 -Duser.country=US -Duser.language=en -Duser.variant 
java_command: com.eScheduler.ESchedulerApplication
java_class_path (initial): C:\Users\Korisnik\Desktop\eSchedulerBackend\build\classes\java\main;C:\Users\Korisnik\Desktop\eSchedulerBackend\build\resources\main;C:\Users\Korisnik\.gradle\caches\modules-2\files-2.1\org.springdoc\springdoc-openapi-starter-webmvc-ui\2.2.0\178d8ed6714d78b8b475c45bc60642a9232fcb70\springdoc-openapi-starter-webmvc-ui-2.2.0.jar;C:\Users\Korisnik\.gradle\caches\modules-2\files-2.1\com.h2database\h2\2.2.224\7bdade27d8cd197d9b5ce9dc251f41d2edc5f7ad\h2-2.2.224.jar;C:\Users\Korisnik\.gradle\caches\modules-2\files-2.1\io.jsonwebtoken\jjwt-impl\0.11.5\40a599f0e8a8e4e0701596fbb15e67bfda64fdf0\jjwt-impl-0.11.5.jar;C:\Users\Korisnik\.gradle\caches\modules-2\files-2.1\io.jsonwebtoken\jjwt-jackson\0.11.5\3b83a06809e98a69402d7333dcf67df6f6ea4579\jjwt-jackson-0.11.5.jar;C:\Users\Korisnik\.gradle\caches\modules-2\files-2.1\io.jsonwebtoken\jjwt-api\0.11.5\f742940045619d06383e7df37b21ac422b476cf1\jjwt-api-0.11.5.jar;C:\Users\Korisnik\.gradle\caches\modules-2\files-2.1\com.mysql\mysql-connector-j\8.3.0\1cc7fa5d61f4bbc113531a4ba6d85d41cf3d57e1\mysql-connector-j-8.3.0.jar;C:\Users\Korisnik\.gradle\caches\modules-2\files-2.1\org.springdoc\springdoc-openapi-starter-webmvc-api\2.2.0\3a7a3a7ecd2537203961d83cabc6d642f294ddb\springdoc-openapi-starter-webmvc-api-2.2.0.jar;C:\Users\Korisnik\.gradle\caches\modules-2\files-2.1\org.webjars\swagger-ui\5.2.0\c48d665a3f3a5d73afa34982953d3c31acc1d1dd\swagger-ui-5.2.0.jar;C:\Users\Korisnik\.gradle\caches\modules-2\files-2.1\org.springframework.data\spring-data-rest-webmvc\4.3.5\9af694092d9ac1814422385ec8e1c49e065918b8\spring-data-rest-webmvc-4.3.5.jar;C:\Users\Korisnik\.gradle\caches\modules-2\files-2.1\org.springframework.security\spring-security-config\6.3.4\ef05a0653492b58f3cfb11f5ee4b69007e259f57\spring-security-config-6.3.4.jar;C:\Users\Korisnik\.gradle\caches\modules-2\files-2.1\org.springframework.security\spring-security-web\6.3.4\d0b9e554c0cc3291086a53e3537935b820d82742\spring-security-web-6.3.4.jar;C:\Users\Korisn
Launcher Type: SUN_STANDARD

[Global flags]
     intx CICompilerCount                          = 3                                         {product} {ergonomic}
     uint ConcGCThreads                            = 1                                         {product} {ergonomic}
     uint G1ConcRefinementThreads                  = 4                                         {product} {ergonomic}
   size_t G1HeapRegionSize                         = 1048576                                   {product} {ergonomic}
    uintx GCDrainStackTargetSize                   = 64                                        {product} {ergonomic}
   size_t InitialHeapSize                          = 134217728                                 {product} {ergonomic}
   size_t MarkStackSize                            = 4194304                                   {product} {ergonomic}
   size_t MaxHeapSize                              = 2118123520                                {product} {ergonomic}
   size_t MinHeapDeltaBytes                        = 1048576                                   {product} {ergonomic}
   size_t MinHeapSize                              = 8388608                                   {product} {ergonomic}
    uintx NonProfiledCodeHeapSize                  = 0                                      {pd product} {ergonomic}
     bool ProfileInterpreter                       = false                                  {pd product} {command line}
    uintx ProfiledCodeHeapSize                     = 0                                      {pd product} {ergonomic}
   size_t SoftMaxHeapSize                          = 2118123520                             {manageable} {ergonomic}
     intx TieredStopAtLevel                        = 1                                         {product} {command line}
     bool UseCompressedClassPointers               = true                           {product lp64_product} {ergonomic}
     bool UseCompressedOops                        = true                           {product lp64_product} {ergonomic}
     bool UseG1GC                                  = true                                      {product} {ergonomic}
     bool UseLargePagesIndividualAllocation        = false                                  {pd product} {ergonomic}

Logging:
Log output configuration:
 #0: stdout all=warning uptime,level,tags
 #1: stderr all=off uptime,level,tags

Environment Variables:
CLASSPATH=C:\Users\Korisnik\Desktop\eSchedulerBackend\\gradle\wrapper\gradle-wrapper.jar
PATH=C:\Program Files\Common Files\Oracle\Java\javapath;C:\Program Files (x86)\Common Files\Intel\Shared Libraries\redist\intel64\compiler;C:\Python39\Scripts\;C:\Python39\;C:\WINDOWS\system32;C:\WINDOWS;C:\WINDOWS\System32\Wbem;C:\WINDOWS\System32\WindowsPowerShell\v1.0\;C:\Program Files (x86)\Skype\Phone\C:\Program Files (x86)\Java\jre\bin;C:\WINDOWS\System32\OpenSSH\;C:\Program Files\SlikSvn\bin;C:\ProgramData\chocolatey\bin;C:\Program Files\Git\cmd;C:\Program Files\nodejs\;C:\Users\Korisnik\Documents\sqlite-tools-win-x64-202501281250;C:\Program Files\WireGuard\;C:\Program Files (x86)\Common Files\Intel\Shared Libraries\redist\intel64\compiler;C:\Python39\Scripts\;C:\Python39\;C:\WINDOWS\system32;C:\WINDOWS;C:\WINDOWS\System32\Wbem;C:\WINDOWS\System32\WindowsPowerShell\v1.0\;C:\Program Files (x86)\Skype\Phone\C:\Program Files (x86)\Java\jre\bin;C:\WINDOWS\System32\OpenSSH\;C:\Program Files\SlikSvn\bin;C:\Program Files\Git\cmd;C:\Program Files\nodejs\;C:\ProgramData\chocolatey\bin;C:\Users\Korisnik\AppData\Roaming\Python\Python39\Scripts;C:\Users\Korisnik\AppData\Roaming\cabal\bin;C:\ProgramData\chocolatey\lib\ghc\tools\ghc-8.10.4\bin;C:\tools\msys64;C:\Users\Korisnik\AppData\Roaming\Python\Python39\Scripts;C:\Users\Korisnik\AppData\Roaming\cabal\bin;C:\ProgramData\chocolatey\lib\ghc\tools\ghc-8.10.4\bin;C:\tools\msys64;C:\Users\Korisnik\AppData\Local\JetBrains\Toolbox\scripts;D:\sss\Microsoft VS Code\bin;C:\Users\Korisnik\AppData\Local\Programs\Microsoft VS Code\bin;C:\Users\Korisnik\AppData\Roaming\npm;C:\Users\Korisnik\.bun\bin
USERNAME=Korisnik
OS=Windows_NT
PROCESSOR_IDENTIFIER=Intel64 Family 6 Model 142 Stepping 9, GenuineIntel



---------------  S Y S T E M  ---------------

OS:
 Windows 10 , 64 bit Build 19041 (10.0.19041.5915)
OS uptime: 21 days 1:37 hours
Hyper-V role detected

CPU: total 4 (initial active 4) (2 cores per cpu, 2 threads per core) family 6 model 142 stepping 9 microcode 0xb4, cx8, cmov, fxsr, ht, mmx, 3dnowpref, sse, sse2, sse3, ssse3, sse4.1, sse4.2, popcnt, lzcnt, tsc, tscinvbit, avx, avx2, aes, erms, clmul, bmi1, bmi2, adx, fma, vzeroupper, clflush, clflushopt, hv

Memory: 4k page, system-wide physical 8077M (507M free)
TotalPageFile size 27286M (AvailPageFile size 110M)
current process WorkingSet (physical memory assigned to process): 10M, peak: 10M
current process commit charge ("private bytes"): 47M, peak: 175M

vm_info: Java HotSpot(TM) 64-Bit Server VM (17.0.12+8-LTS-286) for windows-amd64 JRE (17.0.12+8-LTS-286), built on Jun  5 2024 06:46:59 by "mach5one" with MS VC++ 17.6 (VS2022)

END.
